\BOOKMARK [0][-]{chapter*.1}{\376\377\144\130\211\201}{}% 1
\BOOKMARK [0][-]{chapter*.2}{\376\377\000A\000b\000s\000t\000r\000a\000c\000t}{}% 2
\BOOKMARK [0][-]{Item.6}{\376\377\143\322\126\376\175\042\137\025}{}% 3
\BOOKMARK [0][-]{Item.6}{\376\377\210\150\150\074\175\042\137\025}{}% 4
\BOOKMARK [0][-]{chapter.1}{\376\377\176\352\213\272}{}% 5
\BOOKMARK [1][-]{section.1.1}{\376\377\170\024\172\166\200\314\146\157\116\016\141\017\116\111}{chapter.1}% 6
\BOOKMARK [1][-]{section.1.2}{\376\377\126\375\121\205\131\026\170\024\172\166\163\260\162\266}{chapter.1}% 7
\BOOKMARK [1][-]{section.1.3}{\376\377\170\024\172\166\121\205\133\271\116\016\122\033\145\260\160\271}{chapter.1}% 8
\BOOKMARK [1][-]{section.1.4}{\376\377\213\272\145\207\176\304\176\307\176\323\147\204}{chapter.1}% 9
\BOOKMARK [0][-]{chapter.2}{\376\377\166\370\121\163\164\006\213\272\116\016\142\200\147\057\127\372\170\100}{}% 10
\BOOKMARK [1][-]{section.2.1}{\376\377\127\372\147\054\151\202\137\365}{chapter.2}% 11
\BOOKMARK [1][-]{section.2.2}{\376\377\166\370\121\163\142\200\147\057}{chapter.2}% 12
\BOOKMARK [1][-]{section.2.3}{\376\377\147\054\172\340\134\017\176\323}{chapter.2}% 13
\BOOKMARK [0][-]{chapter.3}{\376\377\170\024\172\166\145\271\154\325\116\016\213\276\213\241}{}% 14
\BOOKMARK [1][-]{section.3.1}{\376\377\225\356\230\230\133\232\116\111}{chapter.3}% 15
\BOOKMARK [1][-]{section.3.2}{\376\377\145\271\154\325\150\106\147\266}{chapter.3}% 16
\BOOKMARK [1][-]{section.3.3}{\376\377\150\070\137\303\173\227\154\325}{chapter.3}% 17
\BOOKMARK [1][-]{section.3.4}{\376\377\147\054\172\340\134\017\176\323}{chapter.3}% 18
\BOOKMARK [0][-]{chapter.4}{\376\377\133\236\232\214\116\016\176\323\147\234\122\006\147\220}{}% 19
\BOOKMARK [1][-]{section.4.1}{\376\377\133\236\232\214\213\276\177\156}{chapter.4}% 20
\BOOKMARK [1][-]{section.4.2}{\376\377\133\236\232\214\176\323\147\234}{chapter.4}% 21
\BOOKMARK [1][-]{section.4.3}{\376\377\176\323\147\234\122\006\147\220}{chapter.4}% 22
\BOOKMARK [1][-]{section.4.4}{\376\377\147\054\172\340\134\017\176\323}{chapter.4}% 23
\BOOKMARK [0][-]{chapter.5}{\376\377\140\073\176\323\116\016\134\125\147\033}{}% 24
\BOOKMARK [1][-]{section.5.1}{\376\377\135\345\117\134\140\073\176\323}{chapter.5}% 25
\BOOKMARK [1][-]{section.5.2}{\376\377\147\052\147\145\134\125\147\033}{chapter.5}% 26
\BOOKMARK [0][-]{chapter*.6}{\376\377\201\364\214\042}{}% 27
\BOOKMARK [0][-]{chapter*.7}{\376\377\145\073\213\373\170\125\130\353\133\146\117\115\147\037\225\364\123\326\137\227\166\204\142\020\147\234}{}% 28
